Connecting to ODrive...
serial=367f365e3335 board-fw=0.5.3 vbus=47.7V
drive axis0 motor -> calibrate axis0 encoder (cpr=16384, pole_pairs=15)
spin 15.00 motor t/s for 0.5s (~8.0 encoder revs at ratio 1)
  pass 1/4: 1st amp=130.6 2nd amp= 22.2 cts  RMS 94.8->18.5 cts  (6.9 revs)
  pass 2/4: 1st amp=133.0 2nd amp= 25.3 cts  RMS 96.9->17.2 cts  (6.9 revs)
  pass 3/4: 1st amp=131.7 2nd amp= 24.2 cts  RMS 96.6->15.2 cts  (6.9 revs)
  pass 4/4: 1st amp=132.1 2nd amp= 27.2 cts  RMS 97.7->19.0 cts  (6.9 revs)

=== HARMONIC FIT (avg of 4 pass(es) @ 15 t/s) ===
  samples         : 1072 total, ~6.9 revs/pass
  1st harmonic    : cos=+111.62  sin=+70.14  amp=131.83 cts = 2.897 deg mech (pass spread +-2.6 cts)
  2nd harmonic    : cos=+21.90  sin=-11.18  amp=24.59 cts = 0.540 deg mech (pass spread +-3.2 cts)
  error RMS       : 96.52 -> 17.50 cts  (2.121 -> 0.385 deg)
  error pk-pk     : 356.11 -> 101.59 cts  (7.825 -> 2.232 deg) | 1st-harmonic electrical error ~43.4 deg (x15 pole-pairs)

  (dry run) to apply to RAM re-run with --apply, or to flash with --save. Manual apply:
    odrv0.axis0.encoder.config.harmonic_cos_1 = 111.617211
    odrv0.axis0.encoder.config.harmonic_sin_1 = 70.138950
    odrv0.axis0.encoder.config.harmonic_cos_2 = 21.902926
    odrv0.axis0.encoder.config.harmonic_sin_2 = -11.177136
    odrv0.axis0.encoder.config.enable_harmonic_compensation = True
    odrv0.save_configuration()
  report -> /Users/alarin/Documents/art/ogonek25-spider/ODrive_S-fw-v0.5.1/spider-motor-tools/reports/motor-15-slipseries-3-2026-07-19.json
