Connecting to ODrive...
serial=367f365e3335 board-fw=0.5.3 vbus=47.7V
drive axis0 motor -> calibrate axis0 encoder (cpr=16384, pole_pairs=15)
spin 15.00 motor t/s for 0.5s (~8.0 encoder revs at ratio 1)
  pass 1/4: 1st amp=137.6 2nd amp= 26.7 cts  RMS 101.8->21.7 cts  (6.9 revs)
  pass 2/4: 1st amp=144.0 2nd amp= 34.0 cts  RMS 134.0->83.6 cts  (6.9 revs)
  pass 3/4: 1st amp=137.8 2nd amp= 23.7 cts  RMS 99.4->15.8 cts  (6.9 revs)
  pass 4/4: 1st amp=132.4 2nd amp= 27.8 cts  RMS 96.1->15.6 cts  (6.9 revs)

=== HARMONIC FIT (avg of 4 pass(es) @ 15 t/s) ===
  samples         : 1033 total, ~6.9 revs/pass
  1st harmonic    : cos=+115.57  sin=+74.79  amp=137.66 cts = 3.025 deg mech (pass spread +-9.8 cts)
  2nd harmonic    : cos=+25.67  sin=-10.86  amp=27.87 cts = 0.612 deg mech (pass spread +-4.9 cts)
  error RMS       : 107.83 -> 34.16 cts  (2.369 -> 0.751 deg)
  error pk-pk     : 570.53 -> 309.91 cts  (12.536 -> 6.810 deg) | 1st-harmonic electrical error ~45.4 deg (x15 pole-pairs)

  (dry run) to apply to RAM re-run with --apply, or to flash with --save. Manual apply:
    odrv0.axis0.encoder.config.harmonic_cos_1 = 115.570683
    odrv0.axis0.encoder.config.harmonic_sin_1 = 74.791037
    odrv0.axis0.encoder.config.harmonic_cos_2 = 25.667791
    odrv0.axis0.encoder.config.harmonic_sin_2 = -10.858319
    odrv0.axis0.encoder.config.enable_harmonic_compensation = True
    odrv0.save_configuration()
  report -> spider-motor-tools/reports/motor-15-harmonic-pass4-2026-07-19.json
