Connecting to ODrive...
serial=367f365e3335 board-fw=0.5.3 vbus=47.7V
drive axis0 motor -> calibrate axis0 encoder (cpr=16384, pole_pairs=15)
spin 15.00 motor t/s for 0.5s (~8.0 encoder revs at ratio 1)
  pass 1/4: 1st amp=134.8 2nd amp= 23.7 cts  RMS 98.6->17.7 cts  (6.9 revs)
  pass 2/4: 1st amp=134.6 2nd amp= 23.4 cts  RMS 97.8->16.2 cts  (6.9 revs)
  pass 3/4: 1st amp=137.3 2nd amp= 26.4 cts  RMS 99.0->15.8 cts  (6.9 revs)
  pass 4/4: 1st amp=133.5 2nd amp= 23.8 cts  RMS 97.8->19.1 cts  (6.9 revs)

=== HARMONIC FIT (avg of 4 pass(es) @ 15 t/s) ===
  samples         : 1061 total, ~6.9 revs/pass
  1st harmonic    : cos=+115.26  sin=+70.33  amp=135.02 cts = 2.967 deg mech (pass spread +-2.8 cts)
  2nd harmonic    : cos=+21.27  sin=-11.65  amp=24.25 cts = 0.533 deg mech (pass spread +-2.1 cts)
  error RMS       : 98.31 -> 17.20 cts  (2.160 -> 0.378 deg)
  error pk-pk     : 351.23 -> 95.52 cts  (7.717 -> 2.099 deg) | 1st-harmonic electrical error ~44.5 deg (x15 pole-pairs)

  (dry run) to apply to RAM re-run with --apply, or to flash with --save. Manual apply:
    odrv0.axis0.encoder.config.harmonic_cos_1 = 115.259079
    odrv0.axis0.encoder.config.harmonic_sin_1 = 70.331803
    odrv0.axis0.encoder.config.harmonic_cos_2 = 21.268609
    odrv0.axis0.encoder.config.harmonic_sin_2 = -11.654082
    odrv0.axis0.encoder.config.enable_harmonic_compensation = True
    odrv0.save_configuration()
  report -> /Users/alarin/Documents/art/ogonek25-spider/ODrive_S-fw-v0.5.1/spider-motor-tools/reports/motor-15-slipseries-4-2026-07-19.json
