Connecting to ODrive...
serial=367f365e3335 board-fw=0.5.3 vbus=47.7V
drive axis0 motor -> calibrate axis0 encoder (cpr=16384, pole_pairs=15)
spin 15.00 motor t/s for 0.5s (~8.0 encoder revs at ratio 1)
  pass 1/4: 1st amp=131.4 2nd amp= 25.3 cts  RMS 97.5->20.8 cts  (6.8 revs)
  pass 2/4: 1st amp=132.7 2nd amp= 26.5 cts  RMS 97.1->17.4 cts  (6.9 revs)
  pass 3/4: 1st amp=135.2 2nd amp= 24.4 cts  RMS 97.6->16.9 cts  (6.9 revs)
  pass 4/4: 1st amp=132.6 2nd amp= 26.9 cts  RMS 97.5->16.7 cts  (6.9 revs)

=== HARMONIC FIT (avg of 4 pass(es) @ 15 t/s) ===
  samples         : 1066 total, ~6.9 revs/pass
  1st harmonic    : cos=+112.87  sin=+70.35  amp=133.00 cts = 2.922 deg mech (pass spread +-1.9 cts)
  2nd harmonic    : cos=+22.93  sin=-11.75  amp=25.76 cts = 0.566 deg mech (pass spread +-1.3 cts)
  error RMS       : 97.45 -> 17.94 cts  (2.141 -> 0.394 deg)
  error pk-pk     : 349.35 -> 117.92 cts  (7.676 -> 2.591 deg) | 1st-harmonic electrical error ~43.8 deg (x15 pole-pairs)

  (dry run) to apply to RAM re-run with --apply, or to flash with --save. Manual apply:
    odrv0.axis0.encoder.config.harmonic_cos_1 = 112.874779
    odrv0.axis0.encoder.config.harmonic_sin_1 = 70.348411
    odrv0.axis0.encoder.config.harmonic_cos_2 = 22.928574
    odrv0.axis0.encoder.config.harmonic_sin_2 = -11.747395
    odrv0.axis0.encoder.config.enable_harmonic_compensation = True
    odrv0.save_configuration()
  report -> /Users/alarin/Documents/art/ogonek25-spider/ODrive_S-fw-v0.5.1/spider-motor-tools/reports/motor-15-slipseries-5-2026-07-19.json
